================================================================================
AI SG ASSESSMENT - APPLICATION START
================================================================================
BASE_DIR : C:\Users\ong\Desktop\AI Task\AI SG Assessement 2
LOG_FILE : C:\Users\ong\Desktop\AI Task\AI SG Assessement 2\data\logs\log_2026-08-28_20-54-10.log
================================================================================
Config for machine learning
Running model.py
[INFO] Loading application modules...

========================================
TRAINING CHECK
========================================
[INFO] Training metadata not found.
[INFO] Training required.
[INFO] Loading training data...
[INFO] Loading raw training database

[INFO] Loading C:\Users\ong\Desktop\AI Task\AI SG Assessement 2\data\hotel.db
[INFO] Loading database: C:\Users\ong\Desktop\AI Task\AI SG Assessement 2\data\hotel.db
[INFO] Found tables: ['bookings', 'reviews']
[INFO] Loading table 'bookings'
[INFO] Shape: (118549, 36)
[INFO] Loading table 'reviews'
[INFO] Shape: (17583, 3)
[INFO] Merged tables shape: (118600, 38)
[INFO] Merged 1 databases
[INFO] Final shape: (118600, 39)
[INFO] After deduplication: (118196, 39)
[INFO] Training data shape: (118196, 39)
[INFO] Preparing final_rating target...
[INFO] Rating classes:
[0, 1, 2, 3, 4, 5, 6]
[INFO] Rating model fitted.
[INFO] Rating target preparation completed.
[INFO] Original rating missing: 100664
[INFO] final_rating distribution:
final_rating
0        86
1        99
2       526
3      1550
4     10603
5      4581
6    100751
Name: count, dtype: Int64
[INFO] final_rating created.
[INFO] final_rating created.
[INFO] final_rating distribution:
final_rating
0        86
1        99
2       526
3      1550
4     10603
5      4581
6    100751
Name: count, dtype: Int64
[INFO] Train rows      : 94556
[INFO] Validation rows : 11820
[INFO] Test rows       : 11820
[INFO] Fitting DataProcessor on TRAIN only...
DataProcessor fitted
DataProcessor fitted
DataProcessor - rating columns kept separate from IterativeImputer
DataProcessor transform completed
[INFO] Transforming validation data...
DataProcessor - rating columns kept separate from IterativeImputer
DataProcessor transform completed
[INFO] Transforming test data...
DataProcessor - rating columns kept separate from IterativeImputer
DataProcessor transform completed
[INFO] Preprocessor saved: C:\Users\ong\Desktop\AI Task\AI SG Assessement 2\data\trained\preprocess.pkl
[INFO] Running FeatureEngineer...
[INFO] Fitting FeatureEngineer on TRAIN only...
Pre-process - Business Rules by category
Pre-process - Lead time & Service Level Computation
Feature Engineering - Client & Driver Statistics fitted
Feature Engineering - Bad Client Driver Statistics fitted
Pre-process - Step 5.5 Top Comments Memory Built
Feature Engineering - Step 5.6 FIT Comment Clustering
Step 5.6 - Top 20 comments selected
  01. not quite what we hoped the room was smaller than expected hard to recommend (count=2)
  02. ended up in a downgraded room which soured the whole stay (count=2)
  03. a middling experience housekeeping missed a few things not sure we d return (count=2)
  04. assigned a cheaper room than the one we reserved and no explanation was offered (count=2)
  05. a letdown in places the value just wasn t there not worth the rate (count=2)
  06. a middling experience a few issues went unresolved adequate but no more (count=2)
  07. not great honestly check in was slow it was just okay (count=2)
  08. our booking sat on the waiting list far too long a stressful start to the trip (count=2)
  09. held on a waiting list before we could check in really frustrating (count=2)
  10. we were downgraded from the room we booked with no discount for the trouble (count=2)
  11. a slightly frustrating stay the room was smaller than expected it left us a little flat (count=2)
  12. somewhat underwhelming the room felt tired wouldn t rush back (count=2)
  13. got a lower room category than we reserved really not good enough (count=2)
  14. a bit disappointing the room needed a refresh it left us a little flat (count=2)
  15. a mixed stay the front desk was slow we d look elsewhere next time (count=2)
  16. on the waiting list for days before our room was confirmed not good enough (count=2)
  17. an average stay at best the room was smaller than expected a shame overall (count=2)
  18. they put us in a smaller room than we booked really not good enough (count=2)
  19. somewhat underwhelming the value just wasn t there we d look elsewhere next time (count=2)
  20. not quite what we hoped service was hit and miss wouldn t rush back (count=2)
Step 5.6 - Loading SentenceTransformer...
Warning: You are sending unauthenticated requests to the HF Hub. Please set a HF_TOKEN to enable higher rate limits and faster downloads.
Loading weights:   0%|                                 | 0/103 [00:00<?, ?it/s]Loading weights: 100%|#####################| 103/103 [00:00<00:00, 3327.30it/s]
Step 5.6 - Generated embeddings for 20 comments
Feature Engineering - Step 5.6 FIT Top Comment Clustering completed
Step 5.6 - 10 clusters created
Feature Engineering - Step 5.6 APPLY Comment Clustering
Step 5.6 - Applying clustering to 12,052 unique comments from 94,556 rows
Step 5.6 - Cached comments: 20
Step 5.6 - New comments requiring embedding: 12,032
Feature Engineering - Step 5.6 APPLY Top Comment Clustering completed
FeatureEngineering fitted
Pre-process - Business Rules by category
Pre-process - Lead time & Service Level Computation
Pre-process - Step 5.5 Top Comments Memory Built
Feature Engineering - Step 5.6 APPLY Comment Clustering
Step 5.6 - Applying clustering to 12,052 unique comments from 94,556 rows
Step 5.6 - Cached comments: 12,052
Step 5.6 - New comments requiring embedding: 0
Feature Engineering - Step 5.6 APPLY Top Comment Clustering completed
FeatureEngineering transform completed
[INFO] Transforming validation features...
Pre-process - Business Rules by category
Pre-process - Lead time & Service Level Computation
Pre-process - Step 5.5 Top Comments Memory Built
Feature Engineering - Step 5.6 APPLY Comment Clustering
Step 5.6 - Applying clustering to 11 unique comments from 11,820 rows
Step 5.6 - Cached comments: 11
Step 5.6 - New comments requiring embedding: 0
Feature Engineering - Step 5.6 APPLY Top Comment Clustering completed
FeatureEngineering transform completed
[INFO] Transforming test features...
Pre-process - Business Rules by category
Pre-process - Lead time & Service Level Computation
Pre-process - Step 5.5 Top Comments Memory Built
Feature Engineering - Step 5.6 APPLY Comment Clustering
Step 5.6 - Applying clustering to 12 unique comments from 11,820 rows
Step 5.6 - Cached comments: 12
Step 5.6 - New comments requiring embedding: 0
Feature Engineering - Step 5.6 APPLY Top Comment Clustering completed
FeatureEngineering transform completed
[INFO] Feature engineer saved: C:\Users\ong\Desktop\AI Task\AI SG Assessement 2\data\trained\feature.pkl
[INFO] Training ServiceModel...

==============================
COMMENT TOPIC LEARNING
==============================
Fitting comment TF-IDF on training data...
Fitting comment SVD on training data...

==============================
FINAL RATING MODEL TRAINING
==============================
Training Logistic Regression...
C:\Users\ong\AppData\Local\Python\pythoncore-3.14-64\Lib\site-packages\sklearn\linear_model\_logistic.py:1184: FutureWarning: 'n_jobs' has no effect since 1.8 and will be removed in 1.10. You provided 'n_jobs=-1', please leave it unspecified.
  warnings.warn(msg, category=FutureWarning)
Logistic Regression completed.
Training Linear SVC...
Linear SVC completed.
Training LightGBM...
LightGBM completed.

==============================
RESERVATION STATUS TRAINING
==============================
Training Reservation Status Model...
C:\Users\ong\AppData\Local\Python\pythoncore-3.14-64\Lib\site-packages\sklearn\linear_model\_logistic.py:1184: FutureWarning: 'n_jobs' has no effect since 1.8 and will be removed in 1.10. You provided 'n_jobs=-1', please leave it unspecified.
  warnings.warn(msg, category=FutureWarning)
Reservation Status Model completed.

==============================
RESERVATION STATUS EVALUATION
==============================
              precision    recall  f1-score   support

           0       0.60      0.54      0.57      4131
           1       0.81      0.48      0.61      7565
           2       0.02      0.60      0.04       124

    accuracy                           0.50     11820
   macro avg       0.48      0.54      0.41     11820
weighted avg       0.73      0.50      0.59     11820


==============================
FINAL RATING VALIDATION
==============================
C:\Users\ong\AppData\Local\Python\pythoncore-3.14-64\Lib\site-packages\sklearn\utils\validation.py:2691: UserWarning: X does not have valid feature names, but LGBMClassifier was fitted with feature names
  warnings.warn(
C:\Users\ong\AppData\Local\Python\pythoncore-3.14-64\Lib\site-packages\sklearn\utils\validation.py:2691: UserWarning: X does not have valid feature names, but LGBMClassifier was fitted with feature names
  warnings.warn(
              model       f1      roc  final_score
Logistic Regression 0.791015 0.724244     0.764306
           LightGBM 0.790717 0.719372     0.762179
         Linear SVC 0.790843 0.713755     0.760008

BEST RATING MODEL SELECTED: Logistic Regression
FAST COMMENT INDEX READY
[INFO] Training data saved: C:\Users\ong\Desktop\AI Task\AI SG Assessement 2\data\trained\train.parquet
[INFO] Service model saved: C:\Users\ong\Desktop\AI Task\AI SG Assessement 2\data\trained\service_model.pkl
[INFO] Metadata updated: C:\Users\ong\Desktop\AI Task\AI SG Assessement 2\data\trained\training_metadata.json
[INFO] Service model saved: C:\Users\ong\Desktop\AI Task\AI SG Assessement 2\data\trained\service_model.pkl
[INFO] Training completed.
[INFO] Loading dashboard data after training...
[INFO] Searching for dashboard database...
[INFO] No prediction database found.
[INFO] Falling back to main database.
[INFO] Main DB count: 1
[INFO] Dashboard DB source: C:\Users\ong\Desktop\AI Task\AI SG Assessement 2\data\hotel.db
[INFO] DB modified: 2026-08-26 19:05:24.549517
[INFO] Loading raw dashboard data...
[INFO] Explicit database path supplied.
[INFO] Bypassing saved training dataset.
[INFO] Raw database selected: C:\Users\ong\Desktop\AI Task\AI SG Assessement 2\data\hotel.db
[INFO] Loading database: C:\Users\ong\Desktop\AI Task\AI SG Assessement 2\data\hotel.db
[INFO] Found tables: ['bookings', 'reviews']
[INFO] Loading table 'bookings'
[INFO] Shape: (118549, 36)
[INFO] Loading table 'reviews'
[INFO] Shape: (17583, 3)
[INFO] Merged tables shape: (118600, 38)
[INFO] After deduplication: (118196, 39)
[INFO] Raw dashboard data shape: (118196, 39)
[INFO] Processing dashboard data...
DataProcessor - rating columns kept separate from IterativeImputer
DataProcessor transform completed
[INFO] DataProcessor transform completed
[INFO] Applying feature engineering...
Pre-process - Business Rules by category
Pre-process - Lead time & Service Level Computation
Pre-process - Step 5.5 Top Comments Memory Built
Feature Engineering - Step 5.6 APPLY Comment Clustering
Step 5.6 - Applying clustering to 12,052 unique comments from 118,196 rows
Step 5.6 - Cached comments: 12,052
Step 5.6 - New comments requiring embedding: 0
Feature Engineering - Step 5.6 APPLY Top Comment Clustering completed
FeatureEngineering transform completed
[INFO] FeatureEngineer transform completed
[INFO] Processed dashboard data shape: (118196, 55)
[INFO] Final dashboard dataframe: (118196, 55)
[INFO] Training pipeline ready.

========================================
PREDICTION CHECK
========================================
[INFO] No prediction databases found.
[INFO] Prediction skipped.
Load EDA Page
Predict Page Loading
[INFO] Registering EDA callbacks...
[INFO] EDA dataframe ready: (118196, 63)
[INFO] Registering Prediction callbacks...
Dash is running on http://127.0.0.1:8050/


==============================
PREDICTION INPUT
==============================
comment: '' (type=str)
client_email: 'unknown' (type=str)
client_segment: 'low-risk' (type=str)
is_top_bad_client: 0.0 (type=float)
client_bad_rate: 0.0 (type=float)
hotel: 'city hotel' (type=str)
country_group: 'local' (type=str)
adr_group: 'Low value (≤100)' (type=str)
previous_cancellations_group: 'unknown' (type=str)
days_in_waiting_list_group: 'unknown' (type=str)
deposit_type: 'unknown' (type=str)
customer_type: 'unknown' (type=str)
guest_group: 'unknown' (type=str)
season_group: 'unknown' (type=str)
meal: 'unknown' (type=str)
market_segment: 'unknown' (type=str)
distribution_channel: 'unknown' (type=str)
reservation_status: 'unknown' (type=str)
is_canceled: 0.0 (type=float)

STATUS MODEL CLASSES: [np.int64(0), np.int64(1), np.int64(2)]
STATUS MODEL RAW PROBABILITIES: [5.41227274e-04 3.77931797e-07 9.99458395e-01]

STATUS ML MAPPING:
ML Cancellation: 0.05412272738657189
ML No-Show: 3.779317974072959e-05
ML Check-Out: 99.9458394794337

RESERVATION STATUS INPUT: unknown
IS CANCELED INPUT: 0.0

STATUS MAPPED PROBABILITIES:
Cancellation: 0.1
No-Show: 0.0
Check-Out: 99.9

==============================
FINAL PREDICTION
==============================
Predicted Rating: 6
Rating Risk: 6.0
SLA Risk: 0.0
Client Bad Rate: 0.0

Reservation Status Probabilities:
Cancellation: 0.1 %
No-Show: 0.0 %
Check-Out: 99.9 %

==============================
PREDICTION RESULT
==============================
Customer Rating       : 6 / 6
Rating Level          : Excellent
Customer Risk Score   : 6.0
Client Bad Rate       : 0.0%
Is Canceled           : 0.0
Cancellation         : 0.1%
Check Out             : 99.9%
No Show               : 0.0%
Service Level Risk    : 0.0%

==============================
CLIENT BAD RATE
==============================
Client        : ivan.wan9160@outlook.com
Total records : 1
Bad records   : 1
Bad rate      : 1.0000
Bad rate %    : 100.0%

==============================
PREDICTION INPUT
==============================
comment: '' (type=str)
client_email: 'ivan.wan9160@outlook.com' (type=str)
client_segment: 'high-risk' (type=str)
is_top_bad_client: 1.0 (type=float)
client_bad_rate: 1.0 (type=float)
hotel: 'city hotel' (type=str)
country_group: 'local' (type=str)
adr_group: 'Low value (≤100)' (type=str)
previous_cancellations_group: 'unknown' (type=str)
days_in_waiting_list_group: 'unknown' (type=str)
deposit_type: 'unknown' (type=str)
customer_type: 'unknown' (type=str)
guest_group: 'unknown' (type=str)
season_group: 'unknown' (type=str)
meal: 'unknown' (type=str)
market_segment: 'unknown' (type=str)
distribution_channel: 'unknown' (type=str)
reservation_status: 'unknown' (type=str)
is_canceled: 0.0 (type=float)

STATUS MODEL CLASSES: [np.int64(0), np.int64(1), np.int64(2)]
STATUS MODEL RAW PROBABILITIES: [5.56926254e-04 3.07236515e-04 9.99135837e-01]

STATUS ML MAPPING:
ML Cancellation: 0.05569262540892624
ML No-Show: 0.03072365149325819
ML Check-Out: 99.91358372309782

RESERVATION STATUS INPUT: unknown
IS CANCELED INPUT: 0.0

STATUS MAPPED PROBABILITIES:
Cancellation: 0.1
No-Show: 0.0
Check-Out: 99.9

==============================
FINAL PREDICTION
==============================
Predicted Rating: 0
Rating Risk: 100.0
SLA Risk: 100.0
Client Bad Rate: 1.0

Reservation Status Probabilities:
Cancellation: 0.1 %
No-Show: 0.0 %
Check-Out: 99.9 %

==============================
PREDICTION RESULT
==============================
Customer Rating       : 0 / 6
Rating Level          : Very Poor
Customer Risk Score   : 100.0
Client Bad Rate       : 100.0%
Is Canceled           : 0.0
Cancellation         : 0.1%
Check Out             : 99.9%
No Show               : 0.0%
Service Level Risk    : 100.0%

==============================
CLIENT BAD RATE
==============================
Client        : ivan.wan9160@outlook.com
Total records : 1
Bad records   : 1
Bad rate      : 1.0000
Bad rate %    : 100.0%

==============================
PREDICTION INPUT
==============================
comment: '' (type=str)
client_email: 'ivan.wan9160@outlook.com' (type=str)
client_segment: 'high-risk' (type=str)
is_top_bad_client: 1.0 (type=float)
client_bad_rate: 1.0 (type=float)
hotel: 'city hotel' (type=str)
country_group: 'local' (type=str)
adr_group: 'Low value (≤100)' (type=str)
previous_cancellations_group: 'unknown' (type=str)
days_in_waiting_list_group: 'unknown' (type=str)
deposit_type: 'unknown' (type=str)
customer_type: 'unknown' (type=str)
guest_group: 'unknown' (type=str)
season_group: 'unknown' (type=str)
meal: 'unknown' (type=str)
market_segment: 'unknown' (type=str)
distribution_channel: 'unknown' (type=str)
reservation_status: 'no-show' (type=str)
is_canceled: 0.0 (type=float)

STATUS MODEL CLASSES: [np.int64(0), np.int64(1), np.int64(2)]
STATUS MODEL RAW PROBABILITIES: [5.56926254e-04 3.07236515e-04 9.99135837e-01]

STATUS ML MAPPING:
ML Cancellation: 0.05569262540892624
ML No-Show: 0.03072365149325819
ML Check-Out: 99.91358372309782

RESERVATION STATUS INPUT: no-show
IS CANCELED INPUT: 0.0

STATUS MAPPED PROBABILITIES:
Cancellation: 0.0
No-Show: 100.0
Check-Out: 0.0

==============================
FINAL PREDICTION
==============================
Predicted Rating: 0
Rating Risk: 100.0
SLA Risk: 100.0
Client Bad Rate: 1.0

Reservation Status Probabilities:
Cancellation: 0.0 %
No-Show: 100.0 %
Check-Out: 0.0 %

==============================
PREDICTION RESULT
==============================
Customer Rating       : 0 / 6
Rating Level          : Very Poor
Customer Risk Score   : 100.0
Client Bad Rate       : 100.0%
Is Canceled           : 0.0
Cancellation         : 0.0%
Check Out             : 0.0%
No Show               : 100.0%
Service Level Risk    : 100.0%
